// Vitest Snapshot v1, https://vitest.dev/guide/snapshot.html

exports[`renderSymbolMdx > renders a function with summary, params, returns, throws, example 1`] = `
"---
title: getArticle
description: "Fetch one article by slug for a tenant."
---

<SymbolTitle name="getArticle" />
<KindLine kind="function" path="cms/api" isAsync throws="NotFoundError" returnsNullable />
Fetch one article by slug for a tenant.
## Signature
\`\`\`ts title="@nordcom/commerce-cms"
function getArticle(opts: GetArticleArgs): Promise<Article | null>;
\`\`\`
## Parameters

| Name | Type | Description |
|---|---|---|
| \`opts\` | \`GetArticleArgs\` | opts the args |

## Returns

the article or null

## Throws

<ThrowsBlock>
  <ThrowsRow cls="NotFoundError">on invalid slug</ThrowsRow>
</ThrowsBlock>

## Example

\`\`\`ts
const a = await getArticle();
\`\`\`


<SourceFooter file="packages/cms/src/api/get-article.ts" line={14} href="https://github.com/filiphsps/commerce/blob/master/packages/cms/src/api/get-article.ts#L14" pkg="@nordcom/commerce-cms" version="0.1.0" />"
`;
