// Vitest Snapshot v1, https://vitest.dev/guide/snapshot.html

exports[`utils > dictionary > should return a promise that resolves to a dictionary for each language code 1`] = `"object"`;

exports[`utils > dictionary > should return a promise that resolves to a dictionary for each language code 2`] = `"object"`;

exports[`utils > dictionary > should return a promise that resolves to a dictionary for each language code 3`] = `"object"`;

exports[`utils > dictionary > should return a promise that resolves to a dictionary for each language code 4`] = `"object"`;

exports[`utils > dictionary > should return a promise that resolves to a dictionary for each language code 5`] = `"object"`;

exports[`utils > dictionary > should return a promise that resolves to a dictionary for each language code 6`] = `"object"`;

exports[`utils > dictionary > should return a promise that resolves to a dictionary for each language code 7`] = `"object"`;

exports[`utils > dictionary > should return a promise that resolves to a dictionary for each language code 8`] = `"object"`;

exports[`utils > dictionary > should return a promise that resolves to a dictionary for each language code 9`] = `"object"`;

exports[`utils > dictionary > should return a promise that resolves to a dictionary for each language code 10`] = `"object"`;

exports[`utils > dictionary > should return a promise that resolves to a dictionary for each language code 11`] = `"object"`;

exports[`utils > dictionary > should return a promise that resolves to a dictionary for each language code 12`] = `"object"`;

exports[`utils > dictionary > should return a promise that resolves to a dictionary for each language code 13`] = `"object"`;

exports[`utils > dictionary > should return a promise that resolves to a dictionary for each language code 14`] = `"object"`;

exports[`utils > dictionary > should return a promise that resolves to a dictionary for each language code 15`] = `"object"`;

exports[`utils > dictionary > should return a promise that resolves to a dictionary for each language code 16`] = `"object"`;

exports[`utils > dictionary > should return a promise that resolves to a dictionary for each language code 17`] = `"object"`;

exports[`utils > dictionary > should return a promise that resolves to a dictionary for each language code 18`] = `"object"`;

exports[`utils > dictionary > should return a promise that resolves to a dictionary for each language code 19`] = `"object"`;

exports[`utils > dictionary > should return a promise that resolves to a dictionary for each language code 20`] = `"object"`;

exports[`utils > dictionary > should return a promise that resolves to a dictionary for each language code 21`] = `"object"`;

exports[`utils > dictionary > should return a promise that resolves to a dictionary for each language code 22`] = `"object"`;

exports[`utils > dictionary > should return a promise that resolves to a dictionary for each language code 23`] = `"object"`;

exports[`utils > dictionary > should return a promise that resolves to a dictionary for each language code 24`] = `"object"`;

exports[`utils > dictionary > should return a promise that resolves to a dictionary for each language code 25`] = `"object"`;

exports[`utils > dictionary > should return a promise that resolves to a dictionary for each language code 26`] = `"object"`;

exports[`utils > dictionary > should return a promise that resolves to a dictionary for each language code 27`] = `"object"`;

exports[`utils > dictionary > should return a promise that resolves to a dictionary for each language code 28`] = `"object"`;

exports[`utils > dictionary > should return a promise that resolves to a dictionary for each language code 29`] = `"object"`;

exports[`utils > dictionary > should return a promise that resolves to a dictionary for each language code 30`] = `"object"`;

exports[`utils > dictionary > should return a promise that resolves to a dictionary for each language code 31`] = `"object"`;

exports[`utils > dictionary > should return a promise that resolves to a dictionary for each language code 32`] = `"object"`;

exports[`utils > dictionary > should return a promise that resolves to a dictionary for each language code 33`] = `"object"`;

exports[`utils > dictionary > should return a promise that resolves to a dictionary for each language code 34`] = `"object"`;

exports[`utils > dictionary > should return a promise that resolves to a dictionary for each language code 35`] = `"object"`;

exports[`utils > dictionary > should return a promise that resolves to a dictionary for each language code 36`] = `"object"`;

exports[`utils > dictionary > should return a promise that resolves to a dictionary for each language code 37`] = `"object"`;

exports[`utils > dictionary > should return a promise that resolves to a dictionary for each language code 38`] = `"object"`;

exports[`utils > dictionary > should return a promise that resolves to a dictionary for each language code 39`] = `"object"`;

exports[`utils > dictionary > should return a promise that resolves to a dictionary for each language code 40`] = `"object"`;

exports[`utils > dictionary > should return a promise that resolves to a dictionary for each language code 41`] = `"object"`;

exports[`utils > dictionary > should return a promise that resolves to a dictionary for each language code 42`] = `"object"`;

exports[`utils > dictionary > should return a promise that resolves to a dictionary for each language code 43`] = `"object"`;

exports[`utils > dictionary > should return a promise that resolves to a dictionary for each language code 44`] = `"object"`;

exports[`utils > dictionary > should return a promise that resolves to a dictionary for each language code 45`] = `"object"`;

exports[`utils > dictionary > should return a promise that resolves to a dictionary for each language code 46`] = `"object"`;

exports[`utils > dictionary > should return a promise that resolves to a dictionary for each language code 47`] = `"object"`;

exports[`utils > dictionary > should return a promise that resolves to a dictionary for each language code 48`] = `"object"`;

exports[`utils > dictionary > should return a promise that resolves to a dictionary for each language code 49`] = `"object"`;

exports[`utils > dictionary > should return a promise that resolves to a dictionary for each language code 50`] = `"object"`;

exports[`utils > dictionary > should return a promise that resolves to a dictionary for each language code 51`] = `"object"`;

exports[`utils > dictionary > should return a promise that resolves to a dictionary for each language code 52`] = `"object"`;

exports[`utils > dictionary > should return a promise that resolves to a dictionary for each language code 53`] = `"object"`;

exports[`utils > dictionary > should return a promise that resolves to a dictionary for each language code 54`] = `"object"`;

exports[`utils > dictionary > should return a promise that resolves to a dictionary for each language code 55`] = `"object"`;

exports[`utils > dictionary > should return a promise that resolves to a dictionary for each language code 56`] = `"object"`;

exports[`utils > dictionary > should return a promise that resolves to a dictionary for each language code 57`] = `"object"`;

exports[`utils > dictionary > should return a promise that resolves to a dictionary for each language code 58`] = `"object"`;

exports[`utils > dictionary > should return a promise that resolves to a dictionary for each language code 59`] = `"object"`;

exports[`utils > dictionary > should return a promise that resolves to a dictionary for each language code 60`] = `"object"`;

exports[`utils > dictionary > should return a promise that resolves to a dictionary for each language code 61`] = `"object"`;

exports[`utils > dictionary > should return a promise that resolves to a dictionary for each language code 62`] = `"object"`;

exports[`utils > dictionary > should return a promise that resolves to a dictionary for each language code 63`] = `"object"`;

exports[`utils > dictionary > should return a promise that resolves to a dictionary for each language code 64`] = `"object"`;

exports[`utils > dictionary > should return a promise that resolves to a dictionary for each language code 65`] = `"object"`;

exports[`utils > dictionary > should return a promise that resolves to a dictionary for each language code 66`] = `"object"`;

exports[`utils > dictionary > should return a promise that resolves to a dictionary for each language code 67`] = `"object"`;

exports[`utils > dictionary > should return a promise that resolves to a dictionary for each language code 68`] = `"object"`;

exports[`utils > dictionary > should return a promise that resolves to a dictionary for each language code 69`] = `"object"`;

exports[`utils > dictionary > should return a promise that resolves to a dictionary for each language code 70`] = `"object"`;

exports[`utils > dictionary > should return a promise that resolves to a dictionary for each language code 71`] = `"object"`;

exports[`utils > dictionary > should return a promise that resolves to a dictionary for each language code 72`] = `"object"`;

exports[`utils > dictionary > should return a promise that resolves to a dictionary for each language code 73`] = `"object"`;

exports[`utils > dictionary > should return a promise that resolves to a dictionary for each language code 74`] = `"object"`;

exports[`utils > dictionary > should return a promise that resolves to a dictionary for each language code 75`] = `"object"`;

exports[`utils > dictionary > should return a promise that resolves to a dictionary for each language code 76`] = `"object"`;

exports[`utils > dictionary > should return a promise that resolves to a dictionary for each language code 77`] = `"object"`;

exports[`utils > dictionary > should return a promise that resolves to a dictionary for each language code 78`] = `"object"`;

exports[`utils > dictionary > should return a promise that resolves to a dictionary for each language code 79`] = `"object"`;

exports[`utils > dictionary > should return a promise that resolves to a dictionary for each language code 80`] = `"object"`;

exports[`utils > dictionary > should return a promise that resolves to a dictionary for each language code 81`] = `"object"`;

exports[`utils > dictionary > should return a promise that resolves to a dictionary for each language code 82`] = `"object"`;

exports[`utils > dictionary > should return a promise that resolves to a dictionary for each language code 83`] = `"object"`;

exports[`utils > dictionary > should return a promise that resolves to a dictionary for each language code 84`] = `"object"`;

exports[`utils > dictionary > should return a promise that resolves to a dictionary for each language code 85`] = `"object"`;

exports[`utils > dictionary > should return a promise that resolves to a dictionary for each language code 86`] = `"object"`;

exports[`utils > dictionary > should return a promise that resolves to a dictionary for each language code 87`] = `"object"`;

exports[`utils > dictionary > should return a promise that resolves to a dictionary for each language code 88`] = `"object"`;

exports[`utils > dictionary > should return a promise that resolves to a dictionary for each language code 89`] = `"object"`;

exports[`utils > dictionary > should return a promise that resolves to a dictionary for each language code 90`] = `"object"`;

exports[`utils > dictionary > should return a promise that resolves to a dictionary for each language code 91`] = `"object"`;

exports[`utils > dictionary > should return a promise that resolves to a dictionary for each language code 92`] = `"object"`;

exports[`utils > dictionary > should return a promise that resolves to a dictionary for each language code 93`] = `"object"`;

exports[`utils > dictionary > should return a promise that resolves to a dictionary for each language code 94`] = `"object"`;

exports[`utils > dictionary > should return a promise that resolves to a dictionary for each language code 95`] = `"object"`;

exports[`utils > dictionary > should return a promise that resolves to a dictionary for each language code 96`] = `"object"`;

exports[`utils > dictionary > should return a promise that resolves to a dictionary for each language code 97`] = `"object"`;

exports[`utils > dictionary > should return a promise that resolves to a dictionary for each language code 98`] = `"object"`;

exports[`utils > dictionary > should return a promise that resolves to a dictionary for each language code 99`] = `"object"`;

exports[`utils > dictionary > should return a promise that resolves to a dictionary for each language code 100`] = `"object"`;

exports[`utils > dictionary > should return a promise that resolves to a dictionary for each language code 101`] = `"object"`;

exports[`utils > dictionary > should return a promise that resolves to a dictionary for each language code 102`] = `"object"`;

exports[`utils > dictionary > should return a promise that resolves to a dictionary for each language code 103`] = `"object"`;

exports[`utils > dictionary > should return a promise that resolves to a dictionary for each language code 104`] = `"object"`;

exports[`utils > dictionary > should return a promise that resolves to a dictionary for each language code 105`] = `"object"`;

exports[`utils > dictionary > should return a promise that resolves to a dictionary for each language code 106`] = `"object"`;

exports[`utils > dictionary > should return a promise that resolves to a dictionary for each language code 107`] = `"object"`;

exports[`utils > dictionary > should return a promise that resolves to a dictionary for each language code 108`] = `"object"`;

exports[`utils > dictionary > should return a promise that resolves to a dictionary for each language code 109`] = `"object"`;

exports[`utils > dictionary > should return a promise that resolves to a dictionary for each language code 110`] = `"object"`;

exports[`utils > dictionary > should return a promise that resolves to a dictionary for each language code 111`] = `"object"`;

exports[`utils > dictionary > should return a promise that resolves to a dictionary for each language code 112`] = `"object"`;

exports[`utils > dictionary > should return a promise that resolves to a dictionary for each language code 113`] = `"object"`;

exports[`utils > dictionary > should return a promise that resolves to a dictionary for each language code 114`] = `"object"`;

exports[`utils > dictionary > should return a promise that resolves to a dictionary for each language code 115`] = `"object"`;

exports[`utils > dictionary > should return a promise that resolves to a dictionary for each language code 116`] = `"object"`;

exports[`utils > dictionary > should return a promise that resolves to a dictionary for each language code 117`] = `"object"`;

exports[`utils > dictionary > should return a promise that resolves to a dictionary for each language code 118`] = `"object"`;

exports[`utils > dictionary > should return a promise that resolves to a dictionary for each language code 119`] = `"object"`;

exports[`utils > dictionary > should return a promise that resolves to a dictionary for each language code 120`] = `"object"`;

exports[`utils > dictionary > should return a promise that resolves to a dictionary for each language code 121`] = `"object"`;

exports[`utils > dictionary > should return a promise that resolves to a dictionary for each language code 122`] = `"object"`;

exports[`utils > dictionary > should return a promise that resolves to a dictionary for each language code 123`] = `"object"`;

exports[`utils > dictionary > should return a promise that resolves to a dictionary for each language code 124`] = `"object"`;

exports[`utils > dictionary > should return a promise that resolves to a dictionary for each language code 125`] = `"object"`;

exports[`utils > dictionary > should return a promise that resolves to a dictionary for each language code 126`] = `"object"`;

exports[`utils > dictionary > should return a promise that resolves to a dictionary for each language code 127`] = `"object"`;

exports[`utils > dictionary > should return a promise that resolves to a dictionary for each language code 128`] = `"object"`;

exports[`utils > dictionary > should return a promise that resolves to a dictionary for each language code 129`] = `"object"`;

exports[`utils > dictionary > should return a promise that resolves to a dictionary for each language code 130`] = `"object"`;

exports[`utils > dictionary > should return a promise that resolves to a dictionary for each language code 131`] = `"object"`;

exports[`utils > dictionary > should return a promise that resolves to a dictionary for each language code 132`] = `"object"`;

exports[`utils > dictionary > should return a promise that resolves to a dictionary for each language code 133`] = `"object"`;

exports[`utils > dictionary > should return a promise that resolves to a dictionary for each language code 134`] = `"object"`;

exports[`utils > dictionary > should return a promise that resolves to a dictionary for each language code 135`] = `"object"`;

exports[`utils > dictionary > should return a promise that resolves to a dictionary for each language code 136`] = `"object"`;

exports[`utils > dictionary > should return a promise that resolves to a dictionary for each language code 137`] = `"object"`;

exports[`utils > dictionary > should return a promise that resolves to a dictionary for each language code 138`] = `"object"`;

exports[`utils > dictionary > should return a promise that resolves to a dictionary for each language code 139`] = `"object"`;

exports[`utils > dictionary > should return a promise that resolves to a dictionary for each language code 140`] = `"object"`;

exports[`utils > dictionary > should return a promise that resolves to a dictionary for each language code 141`] = `"object"`;

exports[`utils > dictionary > should return a promise that resolves to a dictionary for each language code 142`] = `"object"`;

exports[`utils > dictionary > should return a promise that resolves to a dictionary for each language code 143`] = `"object"`;

exports[`utils > dictionary > should return a promise that resolves to a dictionary for each language code 144`] = `"object"`;
