// Vitest Snapshot v1, https://vitest.dev/guide/snapshot.html

exports[`transform — golden output > matches the golden snapshot 1`] = `
{
  "featureFlags": [
    {
      "document": {
        "createdAt": 1714435200000,
        "defaultValue": false,
        "key": "checkout.express",
        "kind": "behavior",
        "legacyId": "6630f1a2b3c4d5e6f7a8b9e2",
        "targeting": [],
        "updatedAt": 1714435200000,
      },
      "payloadId": "2kd5x33dxyrcr0whpbsekhknjvf40kaf",
    },
  ],
  "reviews": [
    {
      "document": {
        "createdAt": 1714435200000,
        "shopId": "29zgrejgvr0de83ntn8mq9cfde6fydzv",
        "updatedAt": 1714435200000,
      },
      "payloadId": "ye0msc77906b53faq4xtzrqa85j42am0",
    },
  ],
  "shopCollaborators": [
    {
      "document": {
        "permissions": [
          "admin",
        ],
        "shop": "29zgrejgvr0de83ntn8mq9cfde6fydzv",
        "user": "3qhfwak20rwavfchzddz78py0vgxwqrc",
      },
      "payloadId": "wppw6mbwrppm89a3ajmfe4xwcs18anrz",
    },
  ],
  "shopCredentials": [
    {
      "document": {
        "clientSecret": "SECRET_CS",
        "shop": "29zgrejgvr0de83ntn8mq9cfde6fydzv",
        "token": "shpat_SECRET",
      },
      "payloadId": "s9t3y7bdf1vxf9cwnanh1jw9y5n39can",
    },
  ],
  "shopDomains": [
    {
      "document": {
        "domain": "www.nordcom-demo-shop.com",
        "shop": "29zgrejgvr0de83ntn8mq9cfde6fydzv",
      },
      "payloadId": "6b88vn4zte05chpaep0jeaj4hsjssty6",
    },
    {
      "document": {
        "domain": "nordcom-demo-shop.com",
        "shop": "29zgrejgvr0de83ntn8mq9cfde6fydzv",
      },
      "payloadId": "e49wpfk1tq2kyy3fxw1ffgrj58g7vhvc",
    },
  ],
  "shopFeatureFlags": [
    {
      "document": {
        "flag": "2kd5x33dxyrcr0whpbsekhknjvf40kaf",
        "shop": "29zgrejgvr0de83ntn8mq9cfde6fydzv",
      },
      "payloadId": "nxfsw4v3zr6m3mc3b8p0430w4vpsj9jy",
    },
  ],
  "shops": [
    {
      "document": {
        "alternativeDomains": [
          "www.nordcom-demo-shop.com",
          "nordcom-demo-shop.com",
        ],
        "commerceProvider": {
          "authentication": {
            "customers": {
              "clientId": "client-1",
              "id": "cust-1",
            },
            "domain": "demo.myshopify.com",
            "publicToken": "pub_TOKEN",
          },
          "domain": "demo.myshopify.com",
          "id": "gid://shopify/Shop/1",
          "storefrontId": "sf-1",
          "type": "shopify",
        },
        "createdAt": 1714435200000,
        "design": {
          "accents": [
            {
              "color": "#000000",
              "foreground": "#ffffff",
              "type": "primary",
            },
          ],
          "header": {
            "logo": {
              "alt": "Logo",
              "height": 512,
              "src": "https://cdn/logo.png",
              "width": 512,
            },
          },
        },
        "domain": "nordcom-demo-shop.com",
        "i18n": {
          "defaultLocale": "en-US",
        },
        "legacyId": "6630f1a2b3c4d5e6f7a8b9c0",
        "name": "Nordcom Demo",
        "updatedAt": 1714521600000,
      },
      "payloadId": "29zgrejgvr0de83ntn8mq9cfde6fydzv",
    },
  ],
}
`;
