// Vitest Snapshot v1, https://vitest.dev/guide/snapshot.html

exports[`utils > RemoveInvalidProps > should not modify an object with only valid props 1`] = `
{
  "lang": "en",
  "title": "Valid Prop",
}
`;

exports[`utils > RemoveInvalidProps > should remove invalid props from an object 1`] = `
{
  "title": "valid prop",
}
`;

exports[`utils > RemoveInvalidProps > should return an empty object when given an empty object 1`] = `{}`;
