// Vitest Snapshot v1, https://vitest.dev/guide/snapshot.html

exports[`utils > TitleToHandle > should convert titles to handles 1`] = `"title"`;

exports[`utils > TitleToHandle > should convert titles to handles 2`] = `"product-title"`;

exports[`utils > TitleToHandle > should convert titles to handles 3`] = `"title-product"`;

exports[`utils > TitleToHandle > should convert titles to handles 4`] = `"1-2kg-pack"`;

exports[`utils > TitleToHandle > should convert titles to handles 5`] = `"hello-world"`;

exports[`utils > TitleToHandle > should convert titles to handles 6`] = `"ahoy"`;

exports[`utils > TitleToHandle > should convert titles to handles 7`] = `"francen"`;

exports[`utils > TitleToHandle > should convert titles to handles 8`] = `"another-title"`;
